// Jest Snapshot v1, https://goo.gl/fbAQLP

exports[`productiv app snapshot test 1`] = `
<div>
  <div>
    <div
      class="Todo"
    >
      <div>
        <b>
          testTitle
        </b>
         
        <small>
          (priority: 
          1
          )
        </small>
      </div>
      <div>
        <small>
          testDesc
        </small>
      </div>
    </div>
  </div>
</div>
`;
